// Vitest Snapshot v1, https://vitest.dev/guide/snapshot.html

exports[`ContactList > should render ContactList component correctly 1`] = `
<div>
  <div
    class="flex flex-col gap-2"
  >
    <h2
      class="text-xl"
    >
      Contact List
    </h2>
    <div
      class="w-full md:w-contact-list"
    >
      Loading...
    </div>
  </div>
</div>
`;
